// Jest Snapshot v1, https://goo.gl/fbAQLP

exports[`Header Component matches snapshot 1`] = `
<DocumentFragment>
  <header
    class="header"
  >
    <div
      class="headerContent"
    >
      <h1>
        Weather Forecast App
      </h1>
      <nav
        class="authNav"
      >
        <button
          class="btn-primary headerBtn"
        >
          Logout
        </button>
      </nav>
    </div>
  </header>
</DocumentFragment>
`;
